# Pytest output for submission

Command:
. .venv/bin/activate && pytest tests/ -q

Result (recorded):
42 passed in 0.08s

Note: Tests were run in the project virtual environment; this file records the successful test run for the submission checklist.

Recorded at: 2026-09-20T22:40:00+07:00
